\BOOKMARK [1][-]{section.1}{\376\377\000I\000n\000t\000r\000o\000d\000u\000c\000t\000i\000o\000n}{}% 1
\BOOKMARK [1][-]{section.2}{\376\377\000M\000o\000d\000e\000l\000\040\000a\000n\000d\000\040\000m\000e\000t\000h\000o\000d\000s}{}% 2
\BOOKMARK [2][-]{subsection.2.1}{\376\377\000D\000y\000n\000a\000m\000i\000c\000s}{section.2}% 3
\BOOKMARK [2][-]{subsection.2.2}{\376\377\000T\000h\000e\000\040\000s\000h\000a\000r\000e\000d\000\040\000s\000i\000g\000m\000o\000i\000d}{section.2}% 4
\BOOKMARK [2][-]{subsection.2.3}{\376\377\000R\000e\000f\000e\000r\000e\000n\000c\000e\000\040\000a\000n\000d\000\040\000a\000b\000l\000a\000t\000i\000o\000n\000\040\000m\000o\000d\000e\000s}{section.2}% 5
\BOOKMARK [2][-]{subsection.2.4}{\376\377\000O\000r\000d\000e\000r\000\040\000p\000a\000r\000a\000m\000e\000t\000e\000r\000s\000\040\000a\000n\000d\000\040\000o\000b\000s\000e\000r\000v\000a\000b\000l\000e\000s}{section.2}% 6
\BOOKMARK [2][-]{subsection.2.5}{\376\377\000N\000u\000m\000e\000r\000i\000c\000a\000l\000\040\000p\000r\000o\000t\000o\000c\000o\000l}{section.2}% 7
\BOOKMARK [1][-]{section.3}{\376\377\000R\000e\000s\000u\000l\000t\000s}{}% 8
\BOOKMARK [2][-]{subsection.3.1}{\376\377\000G\000l\000o\000b\000a\000l\000\040\000d\000i\000a\000g\000n\000o\000s\000t\000i\000c\000s}{section.3}% 9
\BOOKMARK [3][-]{subsubsection.3.1.1}{\376\377\000F\000i\000n\000i\000t\000e\000-\000s\000i\000z\000e\000\040\000s\000c\000a\000l\000i\000n\000g\000\040\000o\000f\000\040\000t\000h\000e\000\040\000s\000u\000s\000c\000e\000p\000t\000i\000b\000i\000l\000i\000t\000y}{subsection.3.1}% 10
\BOOKMARK [3][-]{subsubsection.3.1.2}{\376\377\000D\000e\000n\000s\000i\000t\000y\000\040\000s\000e\000p\000a\000r\000a\000t\000i\000o\000n\000\040\000a\000n\000d\000\040\000r\000e\000a\000l\000-\000s\000p\000a\000c\000e\000\040\000c\000o\000n\000t\000r\000a\000s\000t}{subsection.3.1}% 11
\BOOKMARK [2][-]{subsection.3.2}{\376\377\000P\000a\000r\000a\000m\000e\000t\000r\000i\000c\000\040\000a\000n\000a\000l\000y\000s\000e\000s\000\040\000a\000n\000d\000\040\000d\000i\000s\000t\000r\000i\000b\000u\000t\000i\000o\000n\000s}{section.3}% 12
\BOOKMARK [3][-]{subsubsection.3.2.1}{\376\377\000R\000o\000b\000u\000s\000t\000n\000e\000s\000s\000\040\000a\000c\000r\000o\000s\000s\000\040\000t\000h\000e\000\040\000f\000e\000e\000d\000b\000a\000c\000k\000\040\000p\000a\000r\000a\000m\000e\000t\000e\000r\000s}{subsection.3.2}% 13
\BOOKMARK [3][-]{subsubsection.3.2.2}{\376\377\000T\000r\000a\000n\000s\000i\000t\000i\000o\000n\000\040\000o\000r\000d\000e\000r\000,\000\040\000d\000e\000n\000s\000e\000-\000p\000h\000a\000s\000e\000\040\000g\000e\000o\000m\000e\000t\000r\000y\000,\000\040\000a\000n\000d\000\040\000t\000h\000e\000\040\000V\000i\000c\000s\000e\000k\000\040\000b\000a\000s\000e\000l\000i\000n\000e}{subsection.3.2}% 14
\BOOKMARK [2][-]{subsection.3.3}{\376\377\000L\000o\000c\000a\000l\000\040\000d\000i\000a\000g\000n\000o\000s\000t\000i\000c\000s}{section.3}% 15
\BOOKMARK [3][-]{subsubsection.3.3.1}{\376\377\000D\000e\000n\000s\000e\000-\000p\000h\000a\000s\000e\000\040\000s\000t\000r\000u\000c\000t\000u\000r\000e}{subsection.3.3}% 16
\BOOKMARK [3][-]{subsubsection.3.3.2}{\376\377\000H\000e\000a\000d\000i\000n\000g\000\040\000c\000o\000r\000r\000e\000l\000a\000t\000i\000o\000n\000\040\000i\000n\000\040\000d\000e\000n\000s\000e\000\040\000a\000n\000d\000\040\000d\000i\000l\000u\000t\000e\000\040\000r\000e\000g\000i\000o\000n\000s}{subsection.3.3}% 17
\BOOKMARK [3][-]{subsubsection.3.3.3}{\376\377\000S\000i\000n\000g\000l\000e\000-\000p\000a\000r\000t\000i\000c\000l\000e\000\040\000d\000y\000n\000a\000m\000i\000c\000s\000:\000\040\000C\000\050\000t\000a\000u\000\051\000,\000\040\000t\000u\000r\000n\000i\000n\000g\000\040\000a\000n\000g\000l\000e\000s\000\040\000a\000n\000d\000\040\000d\000i\000f\000f\000u\000s\000i\000o\000n}{subsection.3.3}% 18
\BOOKMARK [3][-]{subsubsection.3.3.4}{\376\377\000D\000e\000c\000o\000u\000p\000l\000e\000d\000\040\000s\000i\000g\000m\000o\000i\000d\000s\000:\000\040\000a\000\040\000f\000o\000u\000r\000-\000w\000a\000y\000\040\000a\000n\000a\000t\000o\000m\000y\000\040\000o\000f\000\040\000t\000h\000e\000\040\000r\000e\000c\000t\000i\000f\000i\000c\000a\000t\000i\000o\000n}{subsection.3.3}% 19
\BOOKMARK [1][-]{section.4}{\376\377\000D\000i\000s\000c\000u\000s\000s\000i\000o\000n}{}% 20
\BOOKMARK [2][-]{subsection.4.1}{\376\377\000M\000e\000c\000h\000a\000n\000i\000s\000m\000\040\000a\000n\000d\000\040\000b\000i\000o\000l\000o\000g\000i\000c\000a\000l\000\040\000r\000e\000a\000d\000i\000n\000g}{section.4}% 21
\BOOKMARK [2][-]{subsection.4.2}{\376\377\000L\000i\000t\000e\000r\000a\000t\000u\000r\000e\000,\000\040\000l\000i\000m\000i\000t\000s\000\040\000a\000n\000d\000\040\000o\000u\000t\000l\000o\000o\000k}{section.4}% 22
\BOOKMARK [1][-]{appendix.A}{\376\377\000A\000\040\000h\000e\000u\000r\000i\000s\000t\000i\000c\000\040\000h\000y\000d\000r\000o\000d\000y\000n\000a\000m\000i\000c\000\040\000s\000k\000e\000t\000c\000h\000\040\000a\000n\000d\000\040\000t\000h\000e\000\040\000d\000e\000c\000o\000u\000p\000l\000e\000d\000-\000s\000i\000g\000m\000o\000i\000d\000\040\000a\000s\000y\000m\000m\000e\000t\000r\000y}{}% 23
\BOOKMARK [2][-]{subsection.A.1}{\376\377\000C\000o\000n\000t\000i\000n\000u\000u\000m\000\040\000f\000i\000e\000l\000d\000s\000\040\000a\000n\000d\000\040\000c\000o\000n\000s\000e\000r\000v\000a\000t\000i\000o\000n}{appendix.A}% 24
\BOOKMARK [2][-]{subsection.A.2}{\376\377\000E\000f\000f\000e\000c\000t\000i\000v\000e\000\040\000r\000o\000t\000a\000t\000i\000o\000n\000a\000l\000\040\000d\000e\000c\000o\000r\000r\000e\000l\000a\000t\000i\000o\000n}{appendix.A}% 25
\BOOKMARK [2][-]{subsection.A.3}{\376\377\000M\000I\000P\000S\000\040\000i\000n\000s\000t\000a\000b\000i\000l\000i\000t\000y\000\040\000a\000n\000d\000\040\000i\000t\000s\000\040\000r\000e\000c\000t\000i\000f\000i\000c\000a\000t\000i\000o\000n\000\040\000c\000o\000r\000r\000e\000c\000t\000i\000o\000n}{appendix.A}% 26
